// Jest Snapshot v1, https://goo.gl/fbAQLP

exports[`macros lines: lines 1`] = `

import { lines } from "../lib/index.macro"
const x = lines;

      ↓ ↓ ↓ ↓ ↓ ↓

const x = 2;


`;

exports[`macros linesIn: linesIn 1`] = `

import { linesIn } from "../lib/index.macro"
const x = linesIn("./lines.txt");

      ↓ ↓ ↓ ↓ ↓ ↓

const x = 7;


`;

exports[`macros no usage: no usage 1`] = `

import { lines, linesIn, words, wordsIn } from "../lib/index.macro"

      ↓ ↓ ↓ ↓ ↓ ↓



`;

exports[`macros words: words 1`] = `

import { words } from "../lib/index.macro"
const x = words;

      ↓ ↓ ↓ ↓ ↓ ↓

const x = 10;


`;

exports[`macros wordsIn: wordsIn 1`] = `

import { wordsIn } from "../lib/index.macro"
const x = wordsIn("./words.txt");

      ↓ ↓ ↓ ↓ ↓ ↓

const x = 3;


`;
